// Jest Snapshot v1, https://goo.gl/fbAQLP

exports[`'postgres' dialect sequence metadata 1`] = `
Result {
  "sequences": Map {
    "MetalizeSchema.undefined_seq" => undefined,
    "MetalizeSchema.users_seq" => Object {
      "cycle": true,
      "increment": "1",
      "max": "9999",
      "min": "100",
      "name": "MetalizeSchema.users_seq",
      "start": "100",
    },
  },
  "tables": Map {},
}
`;

exports[`'postgres' dialect table metadata 1`] = `
Result {
  "sequences": Map {},
  "tables": Map {
    "MetalizeSchema.undefined_table" => undefined,
    "MetalizeSchema.users" => Object {
      "checks": Array [
        Object {
          "condition": "age > 21",
          "name": "users_c_constraint",
        },
      ],
      "columns": Array [
        Object {
          "collate": null,
          "default": null,
          "identity": null,
          "name": "id",
          "nullable": false,
          "type": "bigint",
        },
        Object {
          "collate": null,
          "default": "'noname'::character varying",
          "identity": null,
          "name": "name",
          "nullable": true,
          "type": "character varying(255)",
        },
        Object {
          "collate": null,
          "default": null,
          "identity": null,
          "name": "budget",
          "nullable": true,
          "type": "numeric(16,3)",
        },
        Object {
          "collate": null,
          "default": null,
          "identity": Object {
            "cycle": false,
            "generation": "ALWAYS",
            "increment": "5",
            "max": "9999",
            "min": "100",
            "start": "100",
          },
          "name": "age",
          "nullable": false,
          "type": "smallint",
        },
        Object {
          "collate": null,
          "default": null,
          "identity": null,
          "name": "child",
          "nullable": true,
          "type": "bigint",
        },
      ],
      "foreignKeys": Array [
        Object {
          "columns": Array [
            "id",
            "child",
          ],
          "match": "SIMPLE",
          "name": "users_f_constraint",
          "onDelete": "CASCADE",
          "onUpdate": "RESTRICT",
          "references": Object {
            "columns": Array [
              "parent",
              "id",
            ],
            "table": "MetalizeSchema.users_child",
          },
        },
      ],
      "indexes": Array [
        Object {
          "columns": Array [
            "id",
            "child",
          ],
          "name": "index_name",
        },
      ],
      "name": "MetalizeSchema.users",
      "primaryKey": Object {
        "columns": Array [
          "id",
        ],
        "name": "users_pkey",
      },
      "unique": Array [
        Object {
          "columns": Array [
            "name",
            "age",
          ],
          "name": "users_u_constraint",
        },
      ],
    },
  },
}
`;
